components/AdminPanel.tsx(5,31): error TS2307: Cannot find module './icons/DefaultAvatarIcon' or its corresponding type declarations.
components/AdminPanel.tsx(46,42): error TS2339: Property '_id' does not exist on type 'User'.
